// Jest Snapshot v1, https://goo.gl/fbAQLP

exports[`SortControl Should render correctly with initial selection 1`] = `
<DocumentFragment>
  <div
    class="sort-control relative inline-block text-left"
  >
    <div
      class="flex items-center gap-x-4 text-base"
    >
      <span
        class="sort-control-label text-[16px] uppercase opacity-60"
      >
        Sort by
      </span>
      <button
        class="
                        sort-control-button inline-flex items-center justify-center gap-x-2
                        text-[16px] font-medium uppercase
                        focus:outline-none cursor-pointer
                    "
        type="button"
      >
        Release Date
        <span
          class="transform transition-transform rotate-0"
        >
          <svg
            data-testid="select-arrow"
          />
        </span>
      </button>
    </div>
  </div>
</DocumentFragment>
`;
