// Jest Snapshot v1, https://goo.gl/fbAQLP

exports[`GenreSelect Should highlight selected genre provided in props 1`] = `
<DocumentFragment>
  <div
    class="flex flex-wrap gap-x-8"
  >
    <div
      class="
                    group
                    relative
                    px-2
                    py-1
                    text-lg
                    font-medium
                    cursor-pointer
                    transition-colors
                    duration-200
                    uppercase
                    text-[var(--color-gray-lighter)] hover:text-[var(--color-text)]
                "
    >
      Documentary
      <span
        class="
                        absolute
                        left-0
                        -bottom-[16px]
                        h-[3px]
                        w-0
                        bg-[var(--color-primary)]
                        transition-all
                        duration-300
                        group-hover:w-full
                    "
      />
    </div>
    <div
      class="
                    group
                    relative
                    px-2
                    py-1
                    text-lg
                    font-medium
                    cursor-pointer
                    transition-colors
                    duration-200
                    uppercase
                    text-[var(--color-text)]
                "
    >
      Comedy
      <span
        class="
                        absolute
                        left-0
                        -bottom-[16px]
                        h-[3px]
                        w-0
                        bg-[var(--color-primary)]
                        transition-all
                        duration-300
                        w-full
                    "
      />
    </div>
    <div
      class="
                    group
                    relative
                    px-2
                    py-1
                    text-lg
                    font-medium
                    cursor-pointer
                    transition-colors
                    duration-200
                    uppercase
                    text-[var(--color-gray-lighter)] hover:text-[var(--color-text)]
                "
    >
      Crime
      <span
        class="
                        absolute
                        left-0
                        -bottom-[16px]
                        h-[3px]
                        w-0
                        bg-[var(--color-primary)]
                        transition-all
                        duration-300
                        group-hover:w-full
                    "
      />
    </div>
  </div>
</DocumentFragment>
`;

exports[`GenreSelect Should render all genres provided in props 1`] = `
<DocumentFragment>
  <div
    class="flex flex-wrap gap-x-8"
  >
    <div
      class="
                    group
                    relative
                    px-2
                    py-1
                    text-lg
                    font-medium
                    cursor-pointer
                    transition-colors
                    duration-200
                    uppercase
                    text-[var(--color-gray-lighter)] hover:text-[var(--color-text)]
                "
    >
      Documentary
      <span
        class="
                        absolute
                        left-0
                        -bottom-[16px]
                        h-[3px]
                        w-0
                        bg-[var(--color-primary)]
                        transition-all
                        duration-300
                        group-hover:w-full
                    "
      />
    </div>
    <div
      class="
                    group
                    relative
                    px-2
                    py-1
                    text-lg
                    font-medium
                    cursor-pointer
                    transition-colors
                    duration-200
                    uppercase
                    text-[var(--color-text)]
                "
    >
      Comedy
      <span
        class="
                        absolute
                        left-0
                        -bottom-[16px]
                        h-[3px]
                        w-0
                        bg-[var(--color-primary)]
                        transition-all
                        duration-300
                        w-full
                    "
      />
    </div>
    <div
      class="
                    group
                    relative
                    px-2
                    py-1
                    text-lg
                    font-medium
                    cursor-pointer
                    transition-colors
                    duration-200
                    uppercase
                    text-[var(--color-gray-lighter)] hover:text-[var(--color-text)]
                "
    >
      Crime
      <span
        class="
                        absolute
                        left-0
                        -bottom-[16px]
                        h-[3px]
                        w-0
                        bg-[var(--color-primary)]
                        transition-all
                        duration-300
                        group-hover:w-full
                    "
      />
    </div>
  </div>
</DocumentFragment>
`;

exports[`GenreSelect Should render nothing if empty array genres is provided 1`] = `
<DocumentFragment>
  <div
    class="flex flex-wrap gap-x-8"
  />
</DocumentFragment>
`;
