// Jest Snapshot v1, https://goo.gl/fbAQLP

exports[`Header Should render a header with the correct background and base classes 1`] = `
<DocumentFragment>
  <header
    class="
                relative w-[var(--content-width)] px-[60px] pt-[80px] pb-[20px] mb-[10px]
                bg-[var(--color-content-background)] bg-cover bg-center bg-no-repeat
            "
    data-testid="header"
    style="background-image: url();"
  >
    <div
      class="flex flex-col relative z-10 min-h-[290px]"
      data-testid="header-inner"
    >
      <div
        data-testid="outlet"
      />
    </div>
  </header>
</DocumentFragment>
`;
