// Jest Snapshot v1, https://goo.gl/fbAQLP

exports[`MovieDetailsPage Should render component correctly 1`] = `
<DocumentFragment>
  <div
    class="relative"
    data-testid="movie-details-container"
  >
    <div
      data-testid="close-details-button"
    />
    <div
      data-details="{"id":123,"title":"Test Movie","poster_path":"https://example.com/poster.jpg","release_date":"2022-05-15","genres":["Action","Drama"],"overview":"A test movie description","runtime":120,"vote_average":7.5}"
      data-testid="movie-details"
    />
  </div>
</DocumentFragment>
`;
