// Jest Snapshot v1, https://goo.gl/fbAQLP

exports[`MovieForm Should render empty form correctly for Add Movie mode 1`] = `
<DocumentFragment>
  <form
    novalidate=""
  >
    <div
      class="grid grid-cols-3 gap-x-6 gap-y-6"
    >
      <div
        class="col-span-2"
      >
        <label
          class="form-label"
          for="title"
        >
          Title
        </label>
        <input
          class="input-field"
          id="title"
          name="title"
          placeholder="Enter title"
          required=""
          type="text"
          value=""
        />
      </div>
      <div>
        <label
          class="form-label"
          for="release_date"
        >
          Release Date
        </label>
        <div
          class="relative"
        >
          <input
            class="input-field"
            id="release_date"
            min="1900-01-01"
            name="release_date"
            required=""
            type="date"
            value=""
          />
          <svg
            class="absolute right-4 top-1/2 transform -translate-y-1/2 cursor-pointer"
            data-testid="calendar-icon"
          />
        </div>
      </div>
      <div
        class="col-span-2"
      >
        <label
          class="form-label"
          for="poster_path"
        >
          Movie URL
        </label>
        <input
          class="input-field"
          id="poster_path"
          name="poster_path"
          placeholder="[https://example.com/image.jpg](https://example.com/image.jpg)"
          required=""
          type="url"
          value=""
        />
      </div>
      <div>
        <label
          class="form-label"
          for="vote_average"
        >
          Rating
        </label>
        <input
          class="input-field"
          id="vote_average"
          max="10"
          min="0"
          name="vote_average"
          placeholder="7.8"
          required=""
          step="0.1"
          type="number"
          value=""
        />
      </div>
      <div
        class="col-span-2"
      >
        <label
          class="form-label"
          for="genres"
        >
          Genre
        </label>
        <div
          data-testid="genre-multi-select"
        >
          <input
            data-testid="hidden-genres"
            name="genres"
            type="hidden"
            value=""
          />
          <button
            id="genres"
            type="button"
          >
            Select Genre
          </button>
          <div>
            <label>
              Comedy
              <input
                name="mock-genres-Comedy"
                type="checkbox"
                value="Comedy"
              />
            </label>
            <label>
              Crime
              <input
                name="mock-genres-Crime"
                type="checkbox"
                value="Crime"
              />
            </label>
            <label>
              Documentary
              <input
                name="mock-genres-Documentary"
                type="checkbox"
                value="Documentary"
              />
            </label>
            <label>
              Horror
              <input
                name="mock-genres-Horror"
                type="checkbox"
                value="Horror"
              />
            </label>
          </div>
        </div>
      </div>
      <div>
        <label
          class="form-label"
          for="runtime"
        >
          Runtime
        </label>
        <input
          class="input-field"
          id="runtime"
          min="0"
          name="runtime"
          placeholder="minutes"
          required=""
          type="number"
          value=""
        />
      </div>
      <div
        class="col-span-3"
      >
        <label
          class="form-label"
          for="overview"
        >
          Overview
        </label>
        <textarea
          class="input-field min-h-[200px] h-auto py-3"
          id="overview"
          name="overview"
          placeholder="Movie description"
          required=""
        />
      </div>
      <div
        class="col-span-3 flex justify-end gap-x-4 mt-8"
      >
        <button
          class="btn btn-outline"
          type="reset"
        >
          Reset
        </button>
        <button
          class="btn"
          type="submit"
        >
          Submit
        </button>
      </div>
    </div>
  </form>
</DocumentFragment>
`;
