// Jest Snapshot v1, https://goo.gl/fbAQLP

exports[`App Should render App component correctly 1`] = `
<DocumentFragment>
  <div
    class="flex flex-col items-center justify-center"
    data-testid="app-container"
  >
    <div
      data-testid="mocked-movie-list-page"
    >
      Mocked Movie List Page
    </div>
  </div>
</DocumentFragment>
`;
