// Jest Snapshot v1, https://goo.gl/fbAQLP

exports[`SearchFormPage Should render correctly 1`] = `
<DocumentFragment>
  <div
    class="flex flex-col items-start px-3xl"
  >
    <h2
      class="text-2xl font-light uppercase mb-8 mt-[25px] tracking-[1px]"
    >
      Find Your Movie
    </h2>
    <div
      class="w-full"
    >
      <div
        data-testid="search-form"
      >
        <p
          data-testid="initial-query"
        />
        <button
          type="button"
        >
          Search
        </button>
        <button
          type="button"
        >
          Empty Search
        </button>
      </div>
    </div>
  </div>
</DocumentFragment>
`;
